// Jest Snapshot v1, https://goo.gl/fbAQLP

exports[`shallow a Checkbox 1`] = `
<SelectionControl>
  <WithStyles(FormGroup)
    row={true}
  >
    <WithStyles(FormControlLabel)
      control={
        <Control
          doc={Object {}}
          fieldName="test"
          i={
            Object {
              "key": "um",
              "label": 1,
            }
          }
          setDoc={[Function]}
        />
      }
      key="um"
      label={1}
    />
    <WithStyles(FormControlLabel)
      control={
        <Control
          doc={Object {}}
          fieldName="test"
          i={
            Object {
              "key": "dois",
              "label": 2,
            }
          }
          setDoc={[Function]}
        />
      }
      key="dois"
      label={2}
    />
  </WithStyles(FormGroup)>
</SelectionControl>
`;
