// Jest Snapshot v1, https://goo.gl/fbAQLP

exports[`shallow a Radio 1`] = `
<SelectionControl
  label="test"
>
  <RadioGroup
    aria-label="test"
    name="test"
    onChange={[Function]}
    row={true}
    value=""
  >
    <WithStyles(FormControlLabel)
      control={<WithStyles(Radio) />}
      key="um"
      label={1}
      value="um"
    />
    <WithStyles(FormControlLabel)
      control={<WithStyles(Radio) />}
      key="dois"
      label={2}
      value="dois"
    />
  </RadioGroup>
</SelectionControl>
`;
